============================= test session starts =============================
platform win32 -- Python 3.13.1, pytest-9.0.2, pluggy-1.6.0
rootdir: D:\Programing\gitrepos\manage-your-gifts\backend
plugins: anyio-4.12.0, asyncio-1.3.0
asyncio: mode=Mode.STRICT, debug=False, asyncio_default_fixture_loop_scope=None, asyncio_default_test_loop_scope=function
collected 0 items / 1 error

=================================== ERRORS ====================================
__________________ ERROR collecting tests/test_websockets.py __________________
ImportError while importing test module 'D:\Programing\gitrepos\manage-your-gifts\backend\tests\test_websockets.py'.
Hint: make sure your test modules/packages have valid Python names.
Traceback:
C:\Python313\Lib\importlib\__init__.py:88: in import_module
    return _bootstrap._gcd_import(name[level:], package, level)
           ^^^^^^^^^^^^^^^^^^^^^^^^^^^^^^^^^^^^^^^^^^^^^^^^^^^^
tests\test_websockets.py:6: in <module>
    from app.models import User, Group, GroupUser, GroupRole
E   ImportError: cannot import name 'GroupRole' from 'app.models' (D:\Programing\gitrepos\manage-your-gifts\backend\app\models\__init__.py)
============================== warnings summary ===============================
app\config.py:7
  D:\Programing\gitrepos\manage-your-gifts\backend\app\config.py:7: PydanticDeprecatedSince20: Support for class-based `config` is deprecated, use ConfigDict instead. Deprecated in Pydantic V2.0 to be removed in V3.0. See Pydantic V2 Migration Guide at https://errors.pydantic.dev/2.12/migration/
    class Settings(BaseSettings):

app\schemas\auth.py:32
  D:\Programing\gitrepos\manage-your-gifts\backend\app\schemas\auth.py:32: PydanticDeprecatedSince20: Support for class-based `config` is deprecated, use ConfigDict instead. Deprecated in Pydantic V2.0 to be removed in V3.0. See Pydantic V2 Migration Guide at https://errors.pydantic.dev/2.12/migration/
    class UserResponse(BaseModel):

app\schemas\groups.py:14
  D:\Programing\gitrepos\manage-your-gifts\backend\app\schemas\groups.py:14: PydanticDeprecatedSince20: Support for class-based `config` is deprecated, use ConfigDict instead. Deprecated in Pydantic V2.0 to be removed in V3.0. See Pydantic V2 Migration Guide at https://errors.pydantic.dev/2.12/migration/
    class GroupResponse(BaseModel):

app\schemas\groups.py:28
  D:\Programing\gitrepos\manage-your-gifts\backend\app\schemas\groups.py:28: PydanticDeprecatedSince20: Support for class-based `config` is deprecated, use ConfigDict instead. Deprecated in Pydantic V2.0 to be removed in V3.0. See Pydantic V2 Migration Guide at https://errors.pydantic.dev/2.12/migration/
    class GroupUserResponse(BaseModel):

app\schemas\groups.py:41
  D:\Programing\gitrepos\manage-your-gifts\backend\app\schemas\groups.py:41: PydanticDeprecatedSince20: Support for class-based `config` is deprecated, use ConfigDict instead. Deprecated in Pydantic V2.0 to be removed in V3.0. See Pydantic V2 Migration Guide at https://errors.pydantic.dev/2.12/migration/
    class GroupDetailResponse(BaseModel):

app\schemas\gifts.py:17
  D:\Programing\gitrepos\manage-your-gifts\backend\app\schemas\gifts.py:17: PydanticDeprecatedSince20: Support for class-based `config` is deprecated, use ConfigDict instead. Deprecated in Pydantic V2.0 to be removed in V3.0. See Pydantic V2 Migration Guide at https://errors.pydantic.dev/2.12/migration/
    class GiftResponse(BaseModel):

app\schemas\gifts.py:34
  D:\Programing\gitrepos\manage-your-gifts\backend\app\schemas\gifts.py:34: PydanticDeprecatedSince20: Support for class-based `config` is deprecated, use ConfigDict instead. Deprecated in Pydantic V2.0 to be removed in V3.0. See Pydantic V2 Migration Guide at https://errors.pydantic.dev/2.12/migration/
    class GiftWithReservationResponse(BaseModel):

app\schemas\reservations.py:7
  D:\Programing\gitrepos\manage-your-gifts\backend\app\schemas\reservations.py:7: PydanticDeprecatedSince20: Support for class-based `config` is deprecated, use ConfigDict instead. Deprecated in Pydantic V2.0 to be removed in V3.0. See Pydantic V2 Migration Guide at https://errors.pydantic.dev/2.12/migration/
    class ReservationResponse(BaseModel):

-- Docs: https://docs.pytest.org/en/stable/how-to/capture-warnings.html
=========================== short test summary info ===========================
ERROR tests/test_websockets.py
!!!!!!!!!!!!!!!!!!! Interrupted: 1 error during collection !!!!!!!!!!!!!!!!!!!!
======================== 8 warnings, 1 error in 0.35s =========================
